// Jest Snapshot v1, https://goo.gl/fbAQLP

exports[`DropZone matches the snapshot 1`] = `
<DocumentFragment>
  <div
    class="dropZoneContainer MuiBox-root css-0"
  >
    <div
      class="MuiBox-root css-0"
      tabindex="0"
    >
      <input
        accept=".txt"
        autocomplete="off"
        data-testid="drop-zone-input"
        multiple=""
        style="display: none;"
        tabindex="-1"
        type="file"
      />
      <div
        class="MuiBox-root css-ro5zyg"
      >
        <svg
          class="makeStyles-dropZoneIcon-2"
          role="presentation"
          style="width: 2.25rem; height: 2.25rem;"
          viewBox="0 0 24 24"
        >
          <path
            d="M2 12H4V17H20V12H22V17C22 18.11 21.11 19 20 19H4C2.9 19 2 18.11 2 17V12M12 2L6.46 7.46L7.88 8.88L11 5.75V15H13V5.75L16.13 8.88L17.55 7.45L12 2Z"
            style="fill: currentColor;"
          />
        </svg>
        <div
          class="makeStyles-dropZoneTitle-1 MuiBox-root css-1fhgjcy"
        >
          Drag your files here, or 
          <a
            class="MuiTypography-root MuiTypography-inherit MuiLink-root MuiLink-underlineAlways css-myvcsz-MuiTypography-root-MuiLink-root"
          >
            Browse Files
          </a>
        </div>
        <div
          class="MuiBox-root css-xi606m"
        >
          <div
            class="MuiBox-root css-0"
          >
            <span
              class="MuiTypography-root MuiTypography-subtitle2 css-75nrt7-MuiTypography-root"
            >
              Accepted files: .txt
            </span>
          </div>
          <div
            class="MuiBox-root css-0"
          >
            <span
              class="MuiTypography-root MuiTypography-subtitle2 css-75nrt7-MuiTypography-root"
            >
              Maximum file size: 50 MB
            </span>
          </div>
          <div
            class="MuiBox-root css-0"
          >
            <span
              class="MuiTypography-root MuiTypography-subtitle2 css-75nrt7-MuiTypography-root"
            >
              Maximum files: 10
            </span>
          </div>
        </div>
      </div>
    </div>
  </div>
</DocumentFragment>
`;
